
PROGRAM "F:\空调\A10\A10_HVAC_1.70\bin\Project.abs"

*********************************************************************************************
TARGET SECTION
---------------------------------------------------------------------------------------------
Processor   : Freescale HC12
Memory Model: BANKED
File Format : ELF\DWARF 2.0
Linker      : SmartLinker V-5.0.40 Build 10203, Jul 23 2010

*********************************************************************************************
FILE SECTION
---------------------------------------------------------------------------------------------
mc9s12g240.c.o                          Model: BANKED,        Lang: ANSI-C
datapage.c.o                            Model: BANKED,        Lang: ANSI-C
Start12.c.o                             Model: BANKED,        Lang: ANSI-C
STDLIB.C.o (ansibi.lib)                 Model: BANKED,        Lang: ANSI-C
STRING.C.o (ansibi.lib)                 Model: BANKED,        Lang: ANSI-C
rtshc12.c.o (ansibi.lib)                Model: BANKED,        Lang: ANSI-C
CanIf.c.o                               Model: BANKED,        Lang: ANSI-C
CanSM.c.o                               Model: BANKED,        Lang: ANSI-C
CanTp.c.o                               Model: BANKED,        Lang: ANSI-C
CanTp_Cbk.c.o                           Model: BANKED,        Lang: ANSI-C
CanTp_RX.c.o                            Model: BANKED,        Lang: ANSI-C
CanTp_TX.c.o                            Model: BANKED,        Lang: ANSI-C
Com_Lost.c.o                            Model: BANKED,        Lang: ANSI-C
Com_Ram.c.o                             Model: BANKED,        Lang: ANSI-C
Can_Cfg.c.o                             Model: BANKED,        Lang: ANSI-C
CanIf_Cfg.c.o                           Model: BANKED,        Lang: ANSI-C
CanSM_Cfg.c.o                           Model: BANKED,        Lang: ANSI-C
CanTp_Cfg.c.o                           Model: BANKED,        Lang: ANSI-C
Com_PBcfg.c.o                           Model: BANKED,        Lang: ANSI-C
ComM_Cfg.c.o                            Model: BANKED,        Lang: ANSI-C
Nm_Cfg.c.o                              Model: BANKED,        Lang: ANSI-C
OsekNm_Cfg.c.o                          Model: BANKED,        Lang: ANSI-C
Dcm_Cfg.c.o                             Model: BANKED,        Lang: ANSI-C
EcuM_Cfg.c.o                            Model: BANKED,        Lang: ANSI-C
EcuM.c.o                                Model: BANKED,        Lang: ANSI-C
ComM.c.o                                Model: BANKED,        Lang: ANSI-C
main.c.o                                Model: BANKED,        Lang: ANSI-C
Os.c.o                                  Model: BANKED,        Lang: ANSI-C
Os_Cfg.c.o                              Model: BANKED,        Lang: ANSI-C
Dem_Cfg.c.o                             Model: BANKED,        Lang: ANSI-C
Dem.c.o                                 Model: BANKED,        Lang: ANSI-C
Dem_Monitor.c.o                         Model: BANKED,        Lang: ANSI-C
Nm.c.o                                  Model: BANKED,        Lang: ANSI-C
OsekNm.c.o                              Model: BANKED,        Lang: ANSI-C
Dcm.c.o                                 Model: BANKED,        Lang: ANSI-C
DcmDsd.c.o                              Model: BANKED,        Lang: ANSI-C
DcmDsl_CommManage.c.o                   Model: BANKED,        Lang: ANSI-C
DcmDsl_MsgManage.c.o                    Model: BANKED,        Lang: ANSI-C
DcmDsl_PendingManage.c.o                Model: BANKED,        Lang: ANSI-C
DcmDsl_ProtocolManage.c.o               Model: BANKED,        Lang: ANSI-C
DcmDsl_SecurityManage.c.o               Model: BANKED,        Lang: ANSI-C
DcmDsl_SessionManage.c.o                Model: BANKED,        Lang: ANSI-C
DcmDsp.c.o                              Model: BANKED,        Lang: ANSI-C
UDS.c.o                                 Model: BANKED,        Lang: ANSI-C
Rte_Dcm.c.o                             Model: BANKED,        Lang: ANSI-C
LinSM.c.o                               Model: BANKED,        Lang: ANSI-C
LinIf.c.o                               Model: BANKED,        Lang: ANSI-C
FreeRTimer.c.o                          Model: BANKED,        Lang: ANSI-C
WdgIf.c.o                               Model: BANKED,        Lang: ANSI-C
vectors.c.o                             Model: BANKED,        Lang: ANSI-C
Lin_Cfg.c.o                             Model: BANKED,        Lang: ANSI-C
LinIf_Cfg.c.o                           Model: BANKED,        Lang: ANSI-C
LinSM_Cfg.c.o                           Model: BANKED,        Lang: ANSI-C
Gpt.c.o                                 Model: BANKED,        Lang: ANSI-C
Mcu.c.o                                 Model: BANKED,        Lang: ANSI-C
Wdg.c.o                                 Model: BANKED,        Lang: ANSI-C
Adc.c.o                                 Model: BANKED,        Lang: ANSI-C
Dio.c.o                                 Model: BANKED,        Lang: ANSI-C
Port.c.o                                Model: BANKED,        Lang: ANSI-C
Pwm.c.o                                 Model: BANKED,        Lang: ANSI-C
Icu.c.o                                 Model: BANKED,        Lang: ANSI-C
Can.c.o                                 Model: BANKED,        Lang: ANSI-C
Can_Irq.c.o                             Model: BANKED,        Lang: ANSI-C
Lin.c.o                                 Model: BANKED,        Lang: ANSI-C
Lin_irq.c.o                             Model: BANKED,        Lang: ANSI-C
Spi.c.o                                 Model: BANKED,        Lang: ANSI-C
Rte_Com.c.o                             Model: BANKED,        Lang: ANSI-C
Rte_Mem.c.o                             Model: BANKED,        Lang: ANSI-C
Rte_Io.c.o                              Model: BANKED,        Lang: ANSI-C
IoHwAb.c.o                              Model: BANKED,        Lang: ANSI-C
D:\Project\ucos\Project\1234\Project_Data\Standard\ObjectCode\APP_安全算法.c.o (APPSecurity.lib)Model: BANKED,        Lang: ANSI-C
Display.c.o                             Model: BANKED,        Lang: ANSI-C
Display_Cfg.c.o                         Model: BANKED,        Lang: ANSI-C
Hmi.c.o                                 Model: BANKED,        Lang: ANSI-C
Hmi_Cfg.c.o                             Model: BANKED,        Lang: ANSI-C
Key.c.o                                 Model: BANKED,        Lang: ANSI-C
Key_Cfg.c.o                             Model: BANKED,        Lang: ANSI-C
Telematix.c.o                           Model: BANKED,        Lang: ANSI-C
Telematix_Cfg.c.o                       Model: BANKED,        Lang: ANSI-C
VRControl_Cfg.c.o                       Model: BANKED,        Lang: ANSI-C
Eep.c.o                                 Model: BANKED,        Lang: ANSI-C
Ea.c.o                                  Model: BANKED,        Lang: ANSI-C
Ea_Cfg.c.o                              Model: BANKED,        Lang: ANSI-C
PM.c.o                                  Model: BANKED,        Lang: ANSI-C
NvM.c.o                                 Model: BANKED,        Lang: ANSI-C
Api.c.o                                 Model: BANKED,        Lang: ANSI-C
Ecu_Cfg.c.o                             Model: BANKED,        Lang: ANSI-C
CanM.c.o                                Model: BANKED,        Lang: ANSI-C
Rte_Os.c.o                              Model: BANKED,        Lang: ANSI-C
Rte_DcmCfg.c.o                          Model: BANKED,        Lang: ANSI-C
Rte_Dem.c.o                             Model: BANKED,        Lang: ANSI-C
HVAC.c.o                                Model: BANKED,        Lang: ANSI-C
Hmi_Inf.c.o                             Model: BANKED,        Lang: ANSI-C
ADS.c.o                                 Model: BANKED,        Lang: ANSI-C
AirMix_Motor_5ms.c.o                    Model: BANKED,        Lang: ANSI-C
AirMix_Motor_100ms.c.o                  Model: BANKED,        Lang: ANSI-C
AQS.c.o                                 Model: BANKED,        Lang: ANSI-C
Blower.c.o                              Model: BANKED,        Lang: ANSI-C
CP_PWMControl.c.o                       Model: BANKED,        Lang: ANSI-C
Diagnoses.c.o                           Model: BANKED,        Lang: ANSI-C
Fan_Control.c.o                         Model: BANKED,        Lang: ANSI-C
Idle_Stop.c.o                           Model: BANKED,        Lang: ANSI-C
Intake_Motor_5ms.c.o                    Model: BANKED,        Lang: ANSI-C
Intake_Motor_100ms.c.o                  Model: BANKED,        Lang: ANSI-C
ION.c.o                                 Model: BANKED,        Lang: ANSI-C
Mode_Motor_5ms.c.o                      Model: BANKED,        Lang: ANSI-C
Mode_Motor_100ms.c.o                    Model: BANKED,        Lang: ANSI-C
Rear_Defrost.c.o                        Model: BANKED,        Lang: ANSI-C
Sensor_Correct.c.o                      Model: BANKED,        Lang: ANSI-C
Sensor_Filter.c.o                       Model: BANKED,        Lang: ANSI-C
TAO.c.o                                 Model: BANKED,        Lang: ANSI-C
Torque_Caculate.c.o                     Model: BANKED,        Lang: ANSI-C
VBatt.c.o                               Model: BANKED,        Lang: ANSI-C
PduR.c.o                                Model: BANKED,        Lang: ANSI-C
binsearch_u32u8.c.o                     Model: BANKED,        Lang: ANSI-C
const_params.c.o                        Model: BANKED,        Lang: ANSI-C
div_s16_floor.c.o                       Model: BANKED,        Lang: ANSI-C
div_sus16_floor.c.o                     Model: BANKED,        Lang: ANSI-C
intrp3d_u8u32u32n24l_se.c.o             Model: BANKED,        Lang: ANSI-C
look1_is8lu32n16tu16_binlcse.c.o        Model: BANKED,        Lang: ANSI-C
look1_is16lu32n16Ds32_binlcs.c.o        Model: BANKED,        Lang: ANSI-C
look1_is16lu32n16Ds32_linlcs.c.o        Model: BANKED,        Lang: ANSI-C
look1_is16lu32n16tu8_binlcse.c.o        Model: BANKED,        Lang: ANSI-C
look1_iu8lu16n16tu16_binlcase.c.o       Model: BANKED,        Lang: ANSI-C
look1_iu8lu32n16tu16_binlcse.c.o        Model: BANKED,        Lang: ANSI-C
look1_iu8lu32n16yu8ts1_W3PU0WTm.c.o     Model: BANKED,        Lang: ANSI-C
look1_iu8lu32n24_binlcse.c.o            Model: BANKED,        Lang: ANSI-C
look1_iu16lu32n16_linlcse.c.o           Model: BANKED,        Lang: ANSI-C
look1_iu16lu32n16ts16D_ZUyDhAYw.c.o     Model: BANKED,        Lang: ANSI-C
look1_iu16lu32n16tu8_binlcse.c.o        Model: BANKED,        Lang: ANSI-C
look2_is16lu32n16Ds32d_EDCxoMLr.c.o     Model: BANKED,        Lang: ANSI-C
look3_iu8lu32n24_sbinlcse.c.o           Model: BANKED,        Lang: ANSI-C
mul_s32_s32_u32_sr16.c.o                Model: BANKED,        Lang: ANSI-C
mul_wide_su32.c.o                       Model: BANKED,        Lang: ANSI-C
plook_u32u8u32n24_binc_s.c.o            Model: BANKED,        Lang: ANSI-C
Com.c.o                                 Model: BANKED,        Lang: ANSI-C
look1_iu16lu32n16_binlcse.c.o           Model: BANKED,        Lang: ANSI-C
Motor_Act_Jud_MzPxoBA7.c.o              Model: BANKED,        Lang: ANSI-C
Motor_Act_MMIM_Jud_PBmG4gcW.c.o         Model: BANKED,        Lang: ANSI-C
look2_iu8lu32n24_binlcse.c.o            Model: BANKED,        Lang: ANSI-C
PduR_LinIf.c.o                          Model: BANKED,        Lang: ANSI-C
look2_is16u8lu32n16ts1_WKzHJxds.c.o     Model: BANKED,        Lang: ANSI-C
div_uus16_sat.c.o                       Model: BANKED,        Lang: ANSI-C
look1_iu16lu32n16ts16D_2s4GBl96.c.o     Model: BANKED,        Lang: ANSI-C

*********************************************************************************************
STARTUP SECTION
---------------------------------------------------------------------------------------------
Entry point: 0x4000 (_Startup)
_startupData is allocated at 0x400B and uses 6 Bytes
extern struct _tagStartup {
  unsigned nofZeroOut     1
  _Range   pZeroOut       0x1900     8863
  _Copy    *toCopyDownBeg 0x7E38
} _startupData;

*********************************************************************************************
SECTION-ALLOCATION SECTION
Section Name                    Size  Type     From       To       Segment
---------------------------------------------------------------------------------------------
.init                             11     R     0x4000     0x400A   ROM_4000
.startData                        10     R     0x400B     0x4014   ROM_4000
.rodata                        14588     R     0x4015     0x7910   ROM_4000
.rodata1                         120     R     0x7911     0x7988   ROM_4000
NON_BANKED                      1199     R     0x7989     0x7E37   ROM_4000
.copy                             28     R     0x7E38     0x7E53   ROM_4000
.text                          16325     R    0x88000    0x8BFC4   PAGE_08
USER_ROM_VAR                    4708     R    0xE8000    0xE9263   PAGE_0E
.stack                          1280   R/W     0x1400     0x18FF   RAM
.data                             37   R/W     0x1900     0x1924   RAM
.abs_section_8                     1   N/I        0x8        0x8   .absSeg0
.abs_section_9                     1   N/I        0x9        0x9   .absSeg1
.abs_section_b                     1   N/I        0xB        0xB   .absSeg2
.abs_section_c                     1   N/I        0xC        0xC   .absSeg3
.abs_section_11                    1   N/I       0x11       0x11   .absSeg4
.abs_section_13                    1   N/I       0x13       0x13   .absSeg5
.abs_section_15                    1   N/I       0x15       0x15   .absSeg6
.abs_section_1c                    1   N/I       0x1C       0x1C   .absSeg7
.abs_section_1e                    1   N/I       0x1E       0x1E   .absSeg8
.abs_section_20                    1   N/I       0x20       0x20   .absSeg9
.abs_section_21                    1   N/I       0x21       0x21   .absSeg10
.abs_section_22                    1   N/I       0x22       0x22   .absSeg11
.abs_section_23                    1   N/I       0x23       0x23   .absSeg12
.abs_section_26                    1   N/I       0x26       0x26   .absSeg13
.abs_section_27                    1   N/I       0x27       0x27   .absSeg14
.abs_section_28                    1   N/I       0x28       0x28   .absSeg15
.abs_section_29                    1   N/I       0x29       0x29   .absSeg16
.abs_section_2a                    1   N/I       0x2A       0x2A   .absSeg17
.abs_section_2b                    1   N/I       0x2B       0x2B   .absSeg18
.abs_section_2c                    1   N/I       0x2C       0x2C   .absSeg19
.abs_section_2d                    1   N/I       0x2D       0x2D   .absSeg20
.abs_section_2e                    1   N/I       0x2E       0x2E   .absSeg21
.abs_section_2f                    1   N/I       0x2F       0x2F   .absSeg22
.abs_section_34                    1   N/I       0x34       0x34   .absSeg23
.abs_section_35                    1   N/I       0x35       0x35   .absSeg24
.abs_section_36                    1   N/I       0x36       0x36   .absSeg25
.abs_section_37                    1   N/I       0x37       0x37   .absSeg26
.abs_section_38                    1   N/I       0x38       0x38   .absSeg27
.abs_section_39                    1   N/I       0x39       0x39   .absSeg28
.abs_section_3a                    1   N/I       0x3A       0x3A   .absSeg29
.abs_section_3b                    1   N/I       0x3B       0x3B   .absSeg30
.abs_section_3c                    1   N/I       0x3C       0x3C   .absSeg31
.abs_section_3f                    1   N/I       0x3F       0x3F   .absSeg32
.abs_section_40                    1   N/I       0x40       0x40   .absSeg33
.abs_section_41                    1   N/I       0x41       0x41   .absSeg34
.abs_section_42                    1   N/I       0x42       0x42   .absSeg35
.abs_section_43                    1   N/I       0x43       0x43   .absSeg36
.abs_section_46                    1   N/I       0x46       0x46   .absSeg37
.abs_section_47                    1   N/I       0x47       0x47   .absSeg38
.abs_section_48                    1   N/I       0x48       0x48   .absSeg39
.abs_section_49                    1   N/I       0x49       0x49   .absSeg40
.abs_section_4a                    1   N/I       0x4A       0x4A   .absSeg41
.abs_section_4b                    1   N/I       0x4B       0x4B   .absSeg42
.abs_section_4c                    1   N/I       0x4C       0x4C   .absSeg43
.abs_section_4d                    1   N/I       0x4D       0x4D   .absSeg44
.abs_section_4e                    1   N/I       0x4E       0x4E   .absSeg45
.abs_section_4f                    1   N/I       0x4F       0x4F   .absSeg46
.abs_section_60                    1   N/I       0x60       0x60   .absSeg47
.abs_section_61                    1   N/I       0x61       0x61   .absSeg48
.abs_section_6c                    1   N/I       0x6C       0x6C   .absSeg49
.abs_section_6e                    1   N/I       0x6E       0x6E   .absSeg50
.abs_section_76                    1   N/I       0x76       0x76   .absSeg51
.abs_section_a0                    1   N/I       0xA0       0xA0   .absSeg52
.abs_section_a1                    1   N/I       0xA1       0xA1   .absSeg53
.abs_section_a2                    1   N/I       0xA2       0xA2   .absSeg54
.abs_section_a3                    1   N/I       0xA3       0xA3   .absSeg55
.abs_section_a4                    1   N/I       0xA4       0xA4   .absSeg56
.abs_section_a5                    1   N/I       0xA5       0xA5   .absSeg57
.abs_section_a6                    1   N/I       0xA6       0xA6   .absSeg58
.abs_section_a8                    1   N/I       0xA8       0xA8   .absSeg59
.abs_section_a9                    1   N/I       0xA9       0xA9   .absSeg60
.abs_section_ca                    1   N/I       0xCA       0xCA   .absSeg61
.abs_section_cb                    1   N/I       0xCB       0xCB   .absSeg62
.abs_section_cc                    1   N/I       0xCC       0xCC   .absSeg63
.abs_section_cd                    1   N/I       0xCD       0xCD   .absSeg64
.abs_section_ce                    1   N/I       0xCE       0xCE   .absSeg65
.abs_section_cf                    1   N/I       0xCF       0xCF   .absSeg66
.abs_section_d2                    1   N/I       0xD2       0xD2   .absSeg67
.abs_section_d3                    1   N/I       0xD3       0xD3   .absSeg68
.abs_section_d4                    1   N/I       0xD4       0xD4   .absSeg69
.abs_section_d5                    1   N/I       0xD5       0xD5   .absSeg70
.abs_section_d6                    1   N/I       0xD6       0xD6   .absSeg71
.abs_section_d7                    1   N/I       0xD7       0xD7   .absSeg72
.abs_section_d8                    1   N/I       0xD8       0xD8   .absSeg73
.abs_section_d9                    1   N/I       0xD9       0xD9   .absSeg74
.abs_section_da                    1   N/I       0xDA       0xDA   .absSeg75
.abs_section_db                    1   N/I       0xDB       0xDB   .absSeg76
.abs_section_ea                    1   N/I       0xEA       0xEA   .absSeg77
.abs_section_eb                    1   N/I       0xEB       0xEB   .absSeg78
.abs_section_ec                    1   N/I       0xEC       0xEC   .absSeg79
.abs_section_ed                    1   N/I       0xED       0xED   .absSeg80
.abs_section_ee                    1   N/I       0xEE       0xEE   .absSeg81
.abs_section_ef                    1   N/I       0xEF       0xEF   .absSeg82
.abs_section_f0                    1   N/I       0xF0       0xF0   .absSeg83
.abs_section_f1                    1   N/I       0xF1       0xF1   .absSeg84
.abs_section_f2                    1   N/I       0xF2       0xF2   .absSeg85
.abs_section_f3                    1   N/I       0xF3       0xF3   .absSeg86
.abs_section_f8                    1   N/I       0xF8       0xF8   .absSeg87
.abs_section_f9                    1   N/I       0xF9       0xF9   .absSeg88
.abs_section_fa                    1   N/I       0xFA       0xFA   .absSeg89
.abs_section_fb                    1   N/I       0xFB       0xFB   .absSeg90
.abs_section_100                   1   N/I      0x100      0x100   .absSeg91
.abs_section_101                   1   N/I      0x101      0x101   .absSeg92
.abs_section_102                   1   N/I      0x102      0x102   .absSeg93
.abs_section_104                   1   N/I      0x104      0x104   .absSeg94
.abs_section_105                   1   N/I      0x105      0x105   .absSeg95
.abs_section_106                   1   N/I      0x106      0x106   .absSeg96
.abs_section_107                   1   N/I      0x107      0x107   .absSeg97
.abs_section_108                   1   N/I      0x108      0x108   .absSeg98
.abs_section_109                   1   N/I      0x109      0x109   .absSeg99
.abs_section_110                   1   N/I      0x110      0x110   .absSeg100
.abs_section_120                   1   N/I      0x120      0x120   .absSeg101
.abs_section_140                   1   N/I      0x140      0x140   .absSeg102
.abs_section_141                   1   N/I      0x141      0x141   .absSeg103
.abs_section_142                   1   N/I      0x142      0x142   .absSeg104
.abs_section_143                   1   N/I      0x143      0x143   .absSeg105
.abs_section_144                   1   N/I      0x144      0x144   .absSeg106
.abs_section_145                   1   N/I      0x145      0x145   .absSeg107
.abs_section_146                   1   N/I      0x146      0x146   .absSeg108
.abs_section_147                   1   N/I      0x147      0x147   .absSeg109
.abs_section_148                   1   N/I      0x148      0x148   .absSeg110
.abs_section_149                   1   N/I      0x149      0x149   .absSeg111
.abs_section_14a                   1   N/I      0x14A      0x14A   .absSeg112
.abs_section_14b                   1   N/I      0x14B      0x14B   .absSeg113
.abs_section_14d                   1   N/I      0x14D      0x14D   .absSeg114
.abs_section_14e                   1   N/I      0x14E      0x14E   .absSeg115
.abs_section_14f                   1   N/I      0x14F      0x14F   .absSeg116
.abs_section_150                   1   N/I      0x150      0x150   .absSeg117
.abs_section_151                   1   N/I      0x151      0x151   .absSeg118
.abs_section_152                   1   N/I      0x152      0x152   .absSeg119
.abs_section_153                   1   N/I      0x153      0x153   .absSeg120
.abs_section_154                   1   N/I      0x154      0x154   .absSeg121
.abs_section_155                   1   N/I      0x155      0x155   .absSeg122
.abs_section_156                   1   N/I      0x156      0x156   .absSeg123
.abs_section_157                   1   N/I      0x157      0x157   .absSeg124
.abs_section_158                   1   N/I      0x158      0x158   .absSeg125
.abs_section_159                   1   N/I      0x159      0x159   .absSeg126
.abs_section_15a                   1   N/I      0x15A      0x15A   .absSeg127
.abs_section_15b                   1   N/I      0x15B      0x15B   .absSeg128
.abs_section_15c                   1   N/I      0x15C      0x15C   .absSeg129
.abs_section_15d                   1   N/I      0x15D      0x15D   .absSeg130
.abs_section_15e                   1   N/I      0x15E      0x15E   .absSeg131
.abs_section_15f                   1   N/I      0x15F      0x15F   .absSeg132
.abs_section_160                   1   N/I      0x160      0x160   .absSeg133
.abs_section_161                   1   N/I      0x161      0x161   .absSeg134
.abs_section_162                   1   N/I      0x162      0x162   .absSeg135
.abs_section_163                   1   N/I      0x163      0x163   .absSeg136
.abs_section_164                   1   N/I      0x164      0x164   .absSeg137
.abs_section_165                   1   N/I      0x165      0x165   .absSeg138
.abs_section_166                   1   N/I      0x166      0x166   .absSeg139
.abs_section_167                   1   N/I      0x167      0x167   .absSeg140
.abs_section_168                   1   N/I      0x168      0x168   .absSeg141
.abs_section_169                   1   N/I      0x169      0x169   .absSeg142
.abs_section_16a                   1   N/I      0x16A      0x16A   .absSeg143
.abs_section_16b                   1   N/I      0x16B      0x16B   .absSeg144
.abs_section_16c                   1   N/I      0x16C      0x16C   .absSeg145
.abs_section_170                   1   N/I      0x170      0x170   .absSeg146
.abs_section_171                   1   N/I      0x171      0x171   .absSeg147
.abs_section_172                   1   N/I      0x172      0x172   .absSeg148
.abs_section_173                   1   N/I      0x173      0x173   .absSeg149
.abs_section_174                   1   N/I      0x174      0x174   .absSeg150
.abs_section_175                   1   N/I      0x175      0x175   .absSeg151
.abs_section_176                   1   N/I      0x176      0x176   .absSeg152
.abs_section_177                   1   N/I      0x177      0x177   .absSeg153
.abs_section_178                   1   N/I      0x178      0x178   .absSeg154
.abs_section_179                   1   N/I      0x179      0x179   .absSeg155
.abs_section_17a                   1   N/I      0x17A      0x17A   .absSeg156
.abs_section_17b                   1   N/I      0x17B      0x17B   .absSeg157
.abs_section_17c                   1   N/I      0x17C      0x17C   .absSeg158
.abs_section_17d                   1   N/I      0x17D      0x17D   .absSeg159
.abs_section_240                   1   N/I      0x240      0x240   .absSeg160
.abs_section_241                   1   N/I      0x241      0x241   .absSeg161
.abs_section_242                   1   N/I      0x242      0x242   .absSeg162
.abs_section_244                   1   N/I      0x244      0x244   .absSeg163
.abs_section_245                   1   N/I      0x245      0x245   .absSeg164
.abs_section_248                   1   N/I      0x248      0x248   .absSeg165
.abs_section_249                   1   N/I      0x249      0x249   .absSeg166
.abs_section_24a                   1   N/I      0x24A      0x24A   .absSeg167
.abs_section_24c                   1   N/I      0x24C      0x24C   .absSeg168
.abs_section_24d                   1   N/I      0x24D      0x24D   .absSeg169
.abs_section_24e                   1   N/I      0x24E      0x24E   .absSeg170
.abs_section_24f                   1   N/I      0x24F      0x24F   .absSeg171
.abs_section_250                   1   N/I      0x250      0x250   .absSeg172
.abs_section_251                   1   N/I      0x251      0x251   .absSeg173
.abs_section_252                   1   N/I      0x252      0x252   .absSeg174
.abs_section_254                   1   N/I      0x254      0x254   .absSeg175
.abs_section_255                   1   N/I      0x255      0x255   .absSeg176
.abs_section_256                   1   N/I      0x256      0x256   .absSeg177
.abs_section_257                   1   N/I      0x257      0x257   .absSeg178
.abs_section_258                   1   N/I      0x258      0x258   .absSeg179
.abs_section_259                   1   N/I      0x259      0x259   .absSeg180
.abs_section_25a                   1   N/I      0x25A      0x25A   .absSeg181
.abs_section_25c                   1   N/I      0x25C      0x25C   .absSeg182
.abs_section_25d                   1   N/I      0x25D      0x25D   .absSeg183
.abs_section_25e                   1   N/I      0x25E      0x25E   .absSeg184
.abs_section_25f                   1   N/I      0x25F      0x25F   .absSeg185
.abs_section_268                   1   N/I      0x268      0x268   .absSeg186
.abs_section_269                   1   N/I      0x269      0x269   .absSeg187
.abs_section_26a                   1   N/I      0x26A      0x26A   .absSeg188
.abs_section_26c                   1   N/I      0x26C      0x26C   .absSeg189
.abs_section_26d                   1   N/I      0x26D      0x26D   .absSeg190
.abs_section_26e                   1   N/I      0x26E      0x26E   .absSeg191
.abs_section_26f                   1   N/I      0x26F      0x26F   .absSeg192
.abs_section_277                   1   N/I      0x277      0x277   .absSeg193
.abs_section_2f1                   1   N/I      0x2F1      0x2F1   .absSeg194
.abs_section_2f2                   1   N/I      0x2F2      0x2F2   .absSeg195
.abs_section_2f3                   1   N/I      0x2F3      0x2F3   .absSeg196
.abs_section_2fa                   1   N/I      0x2FA      0x2FA   .absSeg197
.abs_section_2fb                   1   N/I      0x2FB      0x2FB   .absSeg198
.abs_section_0                     2   N/I        0x0        0x1   .absSeg199
.abs_section_2                     2   N/I        0x2        0x3   .absSeg200
.abs_section_4                     2   N/I        0x4        0x5   .absSeg201
.abs_section_6                     2   N/I        0x6        0x7   .absSeg202
.abs_section_1a                    2   N/I       0x1A       0x1B   .absSeg203
.abs_section_24                    2   N/I       0x24       0x25   .absSeg204
.abs_section_44                    2   N/I       0x44       0x45   .absSeg205
.abs_section_50                    2   N/I       0x50       0x51   .absSeg206
.abs_section_52                    2   N/I       0x52       0x53   .absSeg207
.abs_section_54                    2   N/I       0x54       0x55   .absSeg208
.abs_section_56                    2   N/I       0x56       0x57   .absSeg209
.abs_section_58                    2   N/I       0x58       0x59   .absSeg210
.abs_section_5a                    2   N/I       0x5A       0x5B   .absSeg211
.abs_section_5c                    2   N/I       0x5C       0x5D   .absSeg212
.abs_section_5e                    2   N/I       0x5E       0x5F   .absSeg213
.abs_section_62                    2   N/I       0x62       0x63   .absSeg214
.abs_section_70                    2   N/I       0x70       0x71   .absSeg215
.abs_section_72                    2   N/I       0x72       0x73   .absSeg216
.abs_section_74                    2   N/I       0x74       0x75   .absSeg217
.abs_section_78                    2   N/I       0x78       0x79   .absSeg218
.abs_section_7a                    2   N/I       0x7A       0x7B   .absSeg219
.abs_section_7c                    2   N/I       0x7C       0x7D   .absSeg220
.abs_section_7e                    2   N/I       0x7E       0x7F   .absSeg221
.abs_section_80                    2   N/I       0x80       0x81   .absSeg222
.abs_section_82                    2   N/I       0x82       0x83   .absSeg223
.abs_section_84                    2   N/I       0x84       0x85   .absSeg224
.abs_section_86                    2   N/I       0x86       0x87   .absSeg225
.abs_section_88                    2   N/I       0x88       0x89   .absSeg226
.abs_section_8a                    2   N/I       0x8A       0x8B   .absSeg227
.abs_section_8c                    2   N/I       0x8C       0x8D   .absSeg228
.abs_section_8e                    2   N/I       0x8E       0x8F   .absSeg229
.abs_section_90                    2   N/I       0x90       0x91   .absSeg230
.abs_section_92                    2   N/I       0x92       0x93   .absSeg231
.abs_section_94                    2   N/I       0x94       0x95   .absSeg232
.abs_section_96                    2   N/I       0x96       0x97   .absSeg233
.abs_section_98                    2   N/I       0x98       0x99   .absSeg234
.abs_section_9a                    2   N/I       0x9A       0x9B   .absSeg235
.abs_section_9c                    2   N/I       0x9C       0x9D   .absSeg236
.abs_section_9e                    2   N/I       0x9E       0x9F   .absSeg237
.abs_section_ac                    2   N/I       0xAC       0xAD   .absSeg238
.abs_section_ae                    2   N/I       0xAE       0xAF   .absSeg239
.abs_section_b0                    2   N/I       0xB0       0xB1   .absSeg240
.abs_section_b2                    2   N/I       0xB2       0xB3   .absSeg241
.abs_section_b4                    2   N/I       0xB4       0xB5   .absSeg242
.abs_section_b6                    2   N/I       0xB6       0xB7   .absSeg243
.abs_section_b8                    2   N/I       0xB8       0xB9   .absSeg244
.abs_section_ba                    2   N/I       0xBA       0xBB   .absSeg245
.abs_section_bc                    2   N/I       0xBC       0xBD   .absSeg246
.abs_section_be                    2   N/I       0xBE       0xBF   .absSeg247
.abs_section_c0                    2   N/I       0xC0       0xC1   .absSeg248
.abs_section_c2                    2   N/I       0xC2       0xC3   .absSeg249
.abs_section_c8                    2   N/I       0xC8       0xC9   .absSeg250
.abs_section_d0                    2   N/I       0xD0       0xD1   .absSeg251
.abs_section_dc                    2   N/I       0xDC       0xDD   .absSeg252
.abs_section_e8                    2   N/I       0xE8       0xE9   .absSeg253
.abs_section_f4                    2   N/I       0xF4       0xF5   .absSeg254
.abs_section_fc                    2   N/I       0xFC       0xFD   .absSeg255
.abs_section_10a                   2   N/I      0x10A      0x10B   .absSeg256
.abs_section_16e                   2   N/I      0x16E      0x16F   .absSeg257
.abs_section_17e                   2   N/I      0x17E      0x17F   .absSeg258
.abs_section_270                   2   N/I      0x270      0x271   .absSeg259
.abs_section_272                   2   N/I      0x272      0x273   .absSeg260
.abs_section_274                   2   N/I      0x274      0x275   .absSeg261
.abs_section_278                   2   N/I      0x278      0x279   .absSeg262
.abs_section_27a                   2   N/I      0x27A      0x27B   .absSeg263
.abs_section_27c                   2   N/I      0x27C      0x27D   .absSeg264
.abs_section_27e                   2   N/I      0x27E      0x27F   .absSeg265
.abs_section_2f4                   2   N/I      0x2F4      0x2F5   .absSeg266
.abs_section_2f8                   2   N/I      0x2F8      0x2F9   .absSeg267
.abs_section_7f80                128     R     0x7F80     0x7FFF   .absSeg268
.bss                            1040   R/W     0x1925     0x1D34   RAM
.common                         7786   R/W     0x1D35     0x3B9E   RAM
PAGE_09_269                    16183     R    0x98000    0x9BF36   PAGE_09
PAGE_0A_270                    16313     R    0xA8000    0xABFB8   PAGE_0A
PAGE_0B_271                    16367     R    0xB8000    0xBBFEE   PAGE_0B
PAGE_0C_272                    16354     R    0xC8000    0xCBFE1   PAGE_0C
PAGE_04_273                    16353     R    0x48000    0x4BFE0   PAGE_04
PAGE_05_274                    16017     R    0x58000    0x5BE90   PAGE_05
.vectSeg275_vect                   2     R     0xFFFE     0xFFFF   .vectSeg275

Summary of section sizes per section type:
READ_ONLY (R):       20E32 (dec:   134706)
READ_WRITE (R/W):     279F (dec:    10143)
NO_INIT (N/I):         151 (dec:      337)

*********************************************************************************************
VECTOR-ALLOCATION SECTION
    Address     InitValue   InitFunction
---------------------------------------------------------------------------------------------
     0xFFFE        0x4000   _Startup

*********************************************************************************************
OBJECT-ALLOCATION SECTION
     Name               Module                 Addr   hSize   dSize     Ref    Section   RLIB
---------------------------------------------------------------------------------------------
MODULE:                 -- mc9s12g240.c.o --
- PROCEDURES:
- VARIABLES:
     _PORTE                                       8       1       1       0   .abs_section_8
     _DDRE                                        9       1       1       0   .abs_section_9
     _MODE                                        B       1       1       0   .abs_section_b
     _PUCR                                        C       1       1       0   .abs_section_c
     _DIRECT                                     11       1       1       0   .abs_section_11
     _MMCCTL1                                    13       1       1       0   .abs_section_13
     _PPAGE                                      15       1       1       0   .abs_section_15
     _ECLKCTL                                    1C       1       1       0   .abs_section_1c
     _IRQCR                                      1E       1       1       0   .abs_section_1e
     _DBGC1                                      20       1       1       0   .abs_section_20
     _DBGSR                                      21       1       1       0   .abs_section_21
     _DBGTCR                                     22       1       1       0   .abs_section_22
     _DBGC2                                      23       1       1       0   .abs_section_23
     _DBGCNT                                     26       1       1       0   .abs_section_26
     _DBGSCRX                                    27       1       1       0   .abs_section_27
     _DBGXCTL                                    28       1       1       0   .abs_section_28
     _DBGXAH                                     29       1       1       0   .abs_section_29
     _DBGXAM                                     2A       1       1       0   .abs_section_2a
     _DBGXAL                                     2B       1       1       0   .abs_section_2b
     _DBGADH                                     2C       1       1       0   .abs_section_2c
     _DBGADL                                     2D       1       1       0   .abs_section_2d
     _DBGADHM                                    2E       1       1       0   .abs_section_2e
     _DBGADLM                                    2F       1       1       0   .abs_section_2f
     _CPMUSYNR                                   34       1       1       1   .abs_section_34
     _CPMUREFDIV                                 35       1       1       1   .abs_section_35
     _CPMUPOSTDIV                                36       1       1       1   .abs_section_36
     _CPMUFLG                                    37       1       1       3   .abs_section_37
     _CPMUINT                                    38       1       1       2   .abs_section_38
     _CPMUCLKS                                   39       1       1       7   .abs_section_39
     _CPMUPLL                                    3A       1       1       0   .abs_section_3a
     _CPMURTI                                    3B       1       1       1   .abs_section_3b
     _CPMUCOP                                    3C       1       1       1   .abs_section_3c
     _CPMUARMCOP                                 3F       1       1       2   .abs_section_3f
     _TIOS                                       40       1       1       1   .abs_section_40
     _CFORC                                      41       1       1       0   .abs_section_41
     _OC7M                                       42       1       1       0   .abs_section_42
     _OC7D                                       43       1       1       0   .abs_section_43
     _TSCR1                                      46       1       1       3   .abs_section_46
     _TTOV                                       47       1       1       0   .abs_section_47
     _TCTL1                                      48       1       1       0   .abs_section_48
     _TCTL2                                      49       1       1       0   .abs_section_49
     _TCTL3                                      4A       1       1       0   .abs_section_4a
     _TCTL4                                      4B       1       1       2   .abs_section_4b
     _TIE                                        4C       1       1       2   .abs_section_4c
     _TSCR2                                      4D       1       1       2   .abs_section_4d
     _TFLG1                                      4E       1       1       4   .abs_section_4e
     _TFLG2                                      4F       1       1       0   .abs_section_4f
     _PACTL                                      60       1       1       0   .abs_section_60
     _PAFLG                                      61       1       1       0   .abs_section_61
     _OCPD                                       6C       1       1       0   .abs_section_6c
     _PTPSR                                      6E       1       1       1   .abs_section_6e
     _ATDSTAT0                                   76       1       1       2   .abs_section_76
     _PWME                                       A0       1       1       5   .abs_section_a0
     _PWMPOL                                     A1       1       1       3   .abs_section_a1
     _PWMCLK                                     A2       1       1       3   .abs_section_a2
     _PWMPRCLK                                   A3       1       1       3   .abs_section_a3
     _PWMCAE                                     A4       1       1       3   .abs_section_a4
     _PWMCTL                                     A5       1       1       1   .abs_section_a5
     _PWMCLKAB                                   A6       1       1       3   .abs_section_a6
     _PWMSCLA                                    A8       1       1       1   .abs_section_a8
     _PWMSCLB                                    A9       1       1       1   .abs_section_a9
     _SCI0ACR2                                   CA       1       1       0   .abs_section_ca
     _SCI0CR2                                    CB       1       1       0   .abs_section_cb
     _SCI0SR1                                    CC       1       1       0   .abs_section_cc
     _SCI0SR2                                    CD       1       1       0   .abs_section_cd
     _SCI0DRH                                    CE       1       1       0   .abs_section_ce
     _SCI0DRL                                    CF       1       1       0   .abs_section_cf
     _SCI1ACR2                                   D2       1       1       0   .abs_section_d2
     _SCI1CR2                                    D3       1       1       0   .abs_section_d3
     _SCI1SR1                                    D4       1       1       0   .abs_section_d4
     _SCI1SR2                                    D5       1       1       0   .abs_section_d5
     _SCI1DRH                                    D6       1       1       0   .abs_section_d6
     _SCI1DRL                                    D7       1       1       0   .abs_section_d7
     _SPI0CR1                                    D8       1       1       0   .abs_section_d8
     _SPI0CR2                                    D9       1       1       0   .abs_section_d9
     _SPI0BR                                     DA       1       1       0   .abs_section_da
     _SPI0SR                                     DB       1       1       0   .abs_section_db
     _SCI2ACR2                                   EA       1       1       0   .abs_section_ea
     _SCI2CR2                                    EB       1       1       0   .abs_section_eb
     _SCI2SR1                                    EC       1       1       0   .abs_section_ec
     _SCI2SR2                                    ED       1       1       0   .abs_section_ed
     _SCI2DRH                                    EE       1       1       0   .abs_section_ee
     _SCI2DRL                                    EF       1       1       0   .abs_section_ef
     _SPI1CR1                                    F0       1       1       0   .abs_section_f0
     _SPI1CR2                                    F1       1       1       0   .abs_section_f1
     _SPI1BR                                     F2       1       1       0   .abs_section_f2
     _SPI1SR                                     F3       1       1       0   .abs_section_f3
     _SPI2CR1                                    F8       1       1       7   .abs_section_f8
     _SPI2CR2                                    F9       1       1       3   .abs_section_f9
     _SPI2BR                                     FA       1       1       4   .abs_section_fa
     _SPI2SR                                     FB       1       1       4   .abs_section_fb
     _FCLKDIV                                   100       1       1       2   .abs_section_100
     _FSEC                                      101       1       1       0   .abs_section_101
     _FCCOBIX                                   102       1       1       6   .abs_section_102
     _FCNFG                                     104       1       1       1   .abs_section_104
     _FERCNFG                                   105       1       1       0   .abs_section_105
     _FSTAT                                     106       1       1       6   .abs_section_106
     _FERSTAT                                   107       1       1       0   .abs_section_107
     _FPROT                                     108       1       1       0   .abs_section_108
     _DFPROT                                    109       1       1       0   .abs_section_109
     _FOPT                                      110       1       1       0   .abs_section_110
     _IVBR                                      120       1       1       1   .abs_section_120
     _CANCTL0                                   140       1       1       0   .abs_section_140
     _CANCTL1                                   141       1       1       0   .abs_section_141
     _CANBTR0                                   142       1       1       0   .abs_section_142
     _CANBTR1                                   143       1       1       0   .abs_section_143
     _CANRFLG                                   144       1       1       0   .abs_section_144
     _CANRIER                                   145       1       1       0   .abs_section_145
     _CANTFLG                                   146       1       1       0   .abs_section_146
     _CANTIER                                   147       1       1       0   .abs_section_147
     _CANTARQ                                   148       1       1       0   .abs_section_148
     _CANTAAK                                   149       1       1       0   .abs_section_149
     _CANTBSEL                                  14A       1       1       0   .abs_section_14a
     _CANIDAC                                   14B       1       1       0   .abs_section_14b
     _CANMISC                                   14D       1       1       0   .abs_section_14d
     _CANRXERR                                  14E       1       1       0   .abs_section_14e
     _CANTXERR                                  14F       1       1       0   .abs_section_14f
     _CANIDAR0                                  150       1       1       0   .abs_section_150
     _CANIDAR1                                  151       1       1       0   .abs_section_151
     _CANIDAR2                                  152       1       1       0   .abs_section_152
     _CANIDAR3                                  153       1       1       0   .abs_section_153
     _CANIDMR0                                  154       1       1       0   .abs_section_154
     _CANIDMR1                                  155       1       1       0   .abs_section_155
     _CANIDMR2                                  156       1       1       0   .abs_section_156
     _CANIDMR3                                  157       1       1       0   .abs_section_157
     _CANIDAR4                                  158       1       1       0   .abs_section_158
     _CANIDAR5                                  159       1       1       0   .abs_section_159
     _CANIDAR6                                  15A       1       1       0   .abs_section_15a
     _CANIDAR7                                  15B       1       1       0   .abs_section_15b
     _CANIDMR4                                  15C       1       1       0   .abs_section_15c
     _CANIDMR5                                  15D       1       1       0   .abs_section_15d
     _CANIDMR6                                  15E       1       1       0   .abs_section_15e
     _CANIDMR7                                  15F       1       1       0   .abs_section_15f
     _CANRXIDR0                                 160       1       1       0   .abs_section_160
     _CANRXIDR1                                 161       1       1       0   .abs_section_161
     _CANRXIDR2                                 162       1       1       0   .abs_section_162
     _CANRXIDR3                                 163       1       1       0   .abs_section_163
     _CANRXDSR0                                 164       1       1       0   .abs_section_164
     _CANRXDSR1                                 165       1       1       0   .abs_section_165
     _CANRXDSR2                                 166       1       1       0   .abs_section_166
     _CANRXDSR3                                 167       1       1       0   .abs_section_167
     _CANRXDSR4                                 168       1       1       0   .abs_section_168
     _CANRXDSR5                                 169       1       1       0   .abs_section_169
     _CANRXDSR6                                 16A       1       1       0   .abs_section_16a
     _CANRXDSR7                                 16B       1       1       0   .abs_section_16b
     _CANRXDLR                                  16C       1       1       0   .abs_section_16c
     _CANTXIDR0                                 170       1       1       0   .abs_section_170
     _CANTXIDR1                                 171       1       1       0   .abs_section_171
     _CANTXIDR2                                 172       1       1       0   .abs_section_172
     _CANTXIDR3                                 173       1       1       0   .abs_section_173
     _CANTXDSR0                                 174       1       1       0   .abs_section_174
     _CANTXDSR1                                 175       1       1       0   .abs_section_175
     _CANTXDSR2                                 176       1       1       0   .abs_section_176
     _CANTXDSR3                                 177       1       1       0   .abs_section_177
     _CANTXDSR4                                 178       1       1       0   .abs_section_178
     _CANTXDSR5                                 179       1       1       0   .abs_section_179
     _CANTXDSR6                                 17A       1       1       0   .abs_section_17a
     _CANTXDSR7                                 17B       1       1       0   .abs_section_17b
     _CANTXDLR                                  17C       1       1       0   .abs_section_17c
     _CANTXTBPR                                 17D       1       1       0   .abs_section_17d
     _PTT                                       240       1       1       3   .abs_section_240
     _PTIT                                      241       1       1       2   .abs_section_241
     _DDRT                                      242       1       1       9   .abs_section_242
     _PERT                                      244       1       1       0   .abs_section_244
     _PPST                                      245       1       1       0   .abs_section_245
     _PTS                                       248       1       1      13   .abs_section_248
     _PTIS                                      249       1       1       0   .abs_section_249
     _DDRS                                      24A       1       1       8   .abs_section_24a
     _PERS                                      24C       1       1       0   .abs_section_24c
     _PPSS                                      24D       1       1       0   .abs_section_24d
     _WOMS                                      24E       1       1       0   .abs_section_24e
     _PRR0                                      24F       1       1       0   .abs_section_24f
     _PTM                                       250       1       1       3   .abs_section_250
     _PTIM                                      251       1       1       0   .abs_section_251
     _DDRM                                      252       1       1       4   .abs_section_252
     _PERM                                      254       1       1       0   .abs_section_254
     _PPSM                                      255       1       1       0   .abs_section_255
     _WOMM                                      256       1       1       0   .abs_section_256
     _PKGCR                                     257       1       1       0   .abs_section_257
     _PTP                                       258       1       1       3   .abs_section_258
     _PTIP                                      259       1       1       0   .abs_section_259
     _DDRP                                      25A       1       1       8   .abs_section_25a
     _PERP                                      25C       1       1       0   .abs_section_25c
     _PPSP                                      25D       1       1       0   .abs_section_25d
     _PIEP                                      25E       1       1       0   .abs_section_25e
     _PIFP                                      25F       1       1       0   .abs_section_25f
     _PTJ                                       268       1       1       7   .abs_section_268
     _PTIJ                                      269       1       1       0   .abs_section_269
     _DDRJ                                      26A       1       1       8   .abs_section_26a
     _PERJ                                      26C       1       1       0   .abs_section_26c
     _PPSJ                                      26D       1       1       0   .abs_section_26d
     _PIEJ                                      26E       1       1       0   .abs_section_26e
     _PIFJ                                      26F       1       1       0   .abs_section_26f
     _PRR1                                      277       1       1       0   .abs_section_277
     _CPMULVCTL                                 2F1       1       1       0   .abs_section_2f1
     _CPMUAPICTL                                2F2       1       1      13   .abs_section_2f2
     _CPMUACLKTR                                2F3       1       1       0   .abs_section_2f3
     _CPMUOSC                                   2FA       1       1       1   .abs_section_2fa
     _CPMUPROT                                  2FB       1       1       2   .abs_section_2fb
     _PORTAB                                      0       2       2      13   .abs_section_0
     _DDRAB                                       2       2       2      16   .abs_section_2
     _PORTCD                                      4       2       2      15   .abs_section_4
     _DDRCD                                       6       2       2      16   .abs_section_6
     _PARTID                                     1A       2       2       0   .abs_section_1a
     _DBGTB                                      24       2       2       0   .abs_section_24
     _TCNT                                       44       2       2       3   .abs_section_44
     _TC0                                        50       2       2       1   .abs_section_50
     _TC1                                        52       2       2       0   .abs_section_52
     _TC2                                        54       2       2       0   .abs_section_54
     _TC3                                        56       2       2       1   .abs_section_56
     _TC4                                        58       2       2       0   .abs_section_58
     _TC5                                        5A       2       2       0   .abs_section_5a
     _TC6                                        5C       2       2       0   .abs_section_5c
     _TC7                                        5E       2       2       0   .abs_section_5e
     _PACNT                                      62       2       2       0   .abs_section_62
     _ATDCTL01                                   70       2       2       3   .abs_section_70
     _ATDCTL23                                   72       2       2       7   .abs_section_72
     _ATDCTL45                                   74       2       2       4   .abs_section_74
     _ATDCMPE                                    78       2       2       0   .abs_section_78
     _ATDSTAT2                                   7A       2       2       0   .abs_section_7a
     _ATDDIEN                                    7C       2       2       0   .abs_section_7c
     _ATDCMPHT                                   7E       2       2       0   .abs_section_7e
     _ATDDR0                                     80       2       2       2   .abs_section_80
     _ATDDR1                                     82       2       2       0   .abs_section_82
     _ATDDR2                                     84       2       2       0   .abs_section_84
     _ATDDR3                                     86       2       2       0   .abs_section_86
     _ATDDR4                                     88       2       2       0   .abs_section_88
     _ATDDR5                                     8A       2       2       0   .abs_section_8a
     _ATDDR6                                     8C       2       2       0   .abs_section_8c
     _ATDDR7                                     8E       2       2       0   .abs_section_8e
     _ATDDR8                                     90       2       2       0   .abs_section_90
     _ATDDR9                                     92       2       2       0   .abs_section_92
     _ATDDR10                                    94       2       2       0   .abs_section_94
     _ATDDR11                                    96       2       2       0   .abs_section_96
     _ATDDR12                                    98       2       2       0   .abs_section_98
     _ATDDR13                                    9A       2       2       0   .abs_section_9a
     _ATDDR14                                    9C       2       2       0   .abs_section_9c
     _ATDDR15                                    9E       2       2       0   .abs_section_9e
     _PWMCNT01                                   AC       2       2       0   .abs_section_ac
     _PWMCNT23                                   AE       2       2       0   .abs_section_ae
     _PWMCNT45                                   B0       2       2       0   .abs_section_b0
     _PWMCNT67                                   B2       2       2       0   .abs_section_b2
     _PWMPER01                                   B4       2       2       1   .abs_section_b4
     _PWMPER23                                   B6       2       2       0   .abs_section_b6
     _PWMPER45                                   B8       2       2       0   .abs_section_b8
     _PWMPER67                                   BA       2       2       0   .abs_section_ba
     _PWMDTY01                                   BC       2       2       2   .abs_section_bc
     _PWMDTY23                                   BE       2       2       0   .abs_section_be
     _PWMDTY45                                   C0       2       2       0   .abs_section_c0
     _PWMDTY67                                   C2       2       2       0   .abs_section_c2
     _SCI0BD                                     C8       2       2       0   .abs_section_c8
     _SCI1BD                                     D0       2       2       0   .abs_section_d0
     _SPI0DR                                     DC       2       2       0   .abs_section_dc
     _SCI2BD                                     E8       2       2       0   .abs_section_e8
     _SPI1DR                                     F4       2       2       0   .abs_section_f4
     _SPI2DR                                     FC       2       2       5   .abs_section_fc
     _FCCOB                                     10A       2       2       4   .abs_section_10a
     _CANRXTSR                                  16E       2       2       0   .abs_section_16e
     _CANTXTSR                                  17E       2       2       0   .abs_section_17e
     _PT01AD                                    270       2       2       6   .abs_section_270
     _PTI01AD                                   272       2       2       0   .abs_section_272
     _DDR01AD                                   274       2       2       0   .abs_section_274
     _PER01AD                                   278       2       2       0   .abs_section_278
     _PPS01AD                                   27A       2       2       0   .abs_section_27a
     _PIE01AD                                   27C       2       2       0   .abs_section_27c
     _PIF01AD                                   27E       2       2       0   .abs_section_27e
     _CPMUAPIR                                  2F4       2       2       2   .abs_section_2f4
     _CPMUIRCTRIM                               2F8       2       2       0   .abs_section_2f8
MODULE:                 -- datapage.c.o --
- PROCEDURES:
     _LOAD_FAR_8                               7989       B      11       5   NON_BANKED  
     _LOAD_FAR_16                              7994       B      11      16   NON_BANKED  
- VARIABLES:
MODULE:                 -- Start12.c.o --
- PROCEDURES:
     Init                                     88000      29      41       2   .text       
     _Startup                                  4000       B      11       1   .init       
- VARIABLES:
     _startupData                              400B       6       6       3   .startData  
- LABELS:
     __SEG_END_SSTACK                          1900       0       0       1               
MODULE:                 -- STDLIB.C.o (ansibi.lib) --
- PROCEDURES:
     rand                                     88029      72     114       4   .text       
     srand                                    8809B       9       9       2   .text       
- VARIABLES:
     seed                                      1900       4       4      14   .data       
MODULE:                 -- STRING.C.o (ansibi.lib) --
- PROCEDURES:
     memset                                   880A4      18      24      56   .text       
- VARIABLES:
MODULE:                 -- rtshc12.c.o (ansibi.lib) --
- PROCEDURES:
     _BSHL                                     799F       8       8      52   NON_BANKED  
     _BSHRU                                    79A7       8       8       8   NON_BANKED  
     _BDIVMODU                                 79AF       A      10       1   NON_BANKED  
     _ISHL                                     79B9       B      11      11   NON_BANKED  
     _ISHRU                                    79C4       B      11       4   NON_BANKED  
     _LSHL                                     79CF      11      17      14   NON_BANKED  
     _LSHRU                                    79E0      11      17      19   NON_BANKED  
     _LCMP                                     79F1      19      25      41   NON_BANKED  
     _LCMP_P                                   7A0A      15      21       9   NON_BANKED  
     _LNEG                                     7A1F       D      13       2   NON_BANKED  
     _LCOM                                     7A2C       9       9       3   NON_BANKED  
     _LINC                                     7A35       5       5      40   NON_BANKED  
     _LDEC                                     7A3A       8       8      31   NON_BANKED  
     _LMUL                                     7A42      27      39      17   NON_BANKED  
     _LMULU16x32                               7A69       F      15      20   NON_BANKED  
     _LMULS16x32                               7A78      1F      31       3   NON_BANKED  
     _lDivMod                                  7A97      BE     190       6   NON_BANKED  
     _LDIVU                                    7B55       E      14      21   NON_BANKED  
     _NEG_P                                    7B63       F      15       7   NON_BANKED  
     _LDIVS                                    7B72      35      53       2   NON_BANKED  
     _LMODU                                    7BA7      11      17       3   NON_BANKED  
     _LMODS                                    7BB8      2A      42       1   NON_BANKED  
     _ILSEXT                                   7BE2       7       7      33   NON_BANKED  
     _CASE_DIRECT_BYTE                         7BE9       5       5       7   NON_BANKED  
     _CASE_CHECKED                             7BEE       B      11       3   NON_BANKED  
     _CASE_CHECKED_BYTE                        7BF9      14      20      75   NON_BANKED  
     _CASE_SEARCH_8_BYTE                       7C0D      1A      26       7   NON_BANKED  
- VARIABLES:
MODULE:                 -- CanIf.c.o --
- PROCEDURES:
     CanIf_Init                               880BC      5C      92       2   .text       
     CanIf_InitController                     88118      5C      92       2   .text       
     CanIf_SetControllerMode                  88174      29      41       8   .text       
     CanIf_Transmit                           8819D      D8     216      21   .text       
     CanIf_SetPduMode                         88275      8D     141       8   .text       
     CanIf_CheckWakeup                        88302      57      87       2   .text       
     CanIf_TxConfirmation                     88359      B5     181       3   .text       
     CanIf_RxIndication                       8840E      7F     127       2   .text       
     CanIf_ControllerBusOff                   8848D      33      51       2   .text       
     CanIf_SetControllStarted                 884C0      A0     160       2   .text       
     CanIf_SetControllSleep                   88560      91     145       2   .text       
     CanIf_SetControllStopped                 885F1      8A     138       2   .text       
     CanIf_SetRxOffline                       8867B      3B      59       2   .text       
     CanIf_SetRxOnline                        886B6      32      50       2   .text       
     CanIf_SetTxOffline                       886E8      36      54       2   .text       
     CanIf_SetTxOnline                        8871E      2C      44       2   .text       
     CanIf_SetTxOfflineActive                 8874A      28      40       2   .text       
     CanIf_CanIdRangCheck                     88772      A2     162       2   .text       
     CanIf_FreeControllerTxBuffer             88814      41      65       2   .text       
     CanIf_OverWritePduInTxBuffer             88855      45      69       2   .text       
     CanIf_SendTxBufferPdu                    8889A      39      57       2   .text       
     CanIf_SavePduToTxMaxBuffer               888D3      5F      95       2   .text       
     CanIf_FindHighestPrioPduInTxMaxBuffer      88932      B7     183       2   .text       
     CanIf_TxMaxBufferBusyHandle              889E9      35      53       2   .text       
     CanIf_InitDynamicTxPduCanIds             88A1E      37      55       2   .text       
     CanIf_Memcpy                             88A55      2A      42       2   .text       
     CanIf_PduPack                            88A7F      4B      75       2   .text       
     CanIf_FreeBufInStopped                   88ACA      11      17       8   .text       
     CanIf_RxPduHrhSearch                     88ADB      DC     220       4   .text       
     CanIf_RxIndicationHandle                 88BB7      7D     125       2   .text       
     CanIf_CheckWakeupAction                  88C34      52      82       2   .text       
     CanIf_FreeRxTxNotifyStatus               88C86      7A     122       2   .text       
- VARIABLES:
     CanIf_InitStatus                          1904       2       2       2   .data       
     CanIf_TxPduBuffer                         1925      60      96      28   .bss        
     CanIf_ControllerMode                      1985       2       2      16   .bss        
     CanIf_PduMode                             1987       2       2      14   .bss        
     CanIf_FirstCallRxInd                      1989       1       1       3   .bss        
MODULE:                 -- CanSM.c.o --
- PROCEDURES:
     CanSM_Init                               88D00      59      89       2   .text       
     CanSM_RequestComMode                     88D59      64     100       2   .text       
     CanSM_GetCurrentComMode                  88DBD      16      22       2   .text       
     CanSM_MainFunction                       88DD3      90     144       2   .text       
     CanSM_ControllerBusOff                   88E63      1B      27       2   .text       
     CanSM_GetChannelByHandle                 88E7E      39      57       4   .text       
     CanSM_GetChannelByController             88EB7      5C      92       2   .text       
     CanSM_NoComEnter                         88F13      52      82       2   .text       
     CanSM_SilentComEnter                     88F65      5C      92       2   .text       
     CanSM_FullComEnter                       88FC1      A0     160       2   .text       
     CanSM_BorCheckTimer                      89061      33      51      15   .text       
     CanSM_BorCheckInitEnter                  89094      3B      59       2   .text       
     CanSM_BorNoBusOffEnter                   890CF      42      66       9   .text       
     CanSM_BorTxOffL1Enter                    89111      80     128       8   .text       
     CanSM_BorCheckL1Enter                    89191      68     104       3   .text       
     CanSM_BorCheckL1BusOff                   891F9      21      33       3   .text       
     CanSM_BorTxOffL2Enter                    8921A      6B     107       7   .text       
     CanSM_BorCheckL2Enter                    89285      68     104       3   .text       
     CanSM_BusError                           892ED      7F     127       8   .text       
     CanSM_SetPduMode                         8936C      3C      60      14   .text       
     CanSM_SetCtrMode                         893A8      4F      79      12   .text       
- VARIABLES:
     CanSM_RunTime                             198A      14      20      16   .bss        
MODULE:                 -- CanTp.c.o --
- PROCEDURES:
     CanTp_Init                               893F7      40      64       2   .text       
     CanTp_Transmit                           89437      25      37       2   .text       
     CanTp_MainFunction                       8945C      4B      75       2   .text       
     CanTp_InitChannel                        894A7      63      99      28   .text       
     CanTp_MemorySet                          8950A      13      19       8   .text       
     CanTp_MemoryCopy                         8951D      19      25      18   .text       
     CanTp_FilterReceivedPdu                  89536      75     117       2   .text       
     CanTp_AcceptTransmitRequest              895AB      48      72       2   .text       
     CanTp_HandleBackGroudStates              895F3      43      67       2   .text       
     CanTp_DispatchTxEvent                    89636      2A      42       2   .text       
     CanTp_DispatchRxEvent                    89660      74     116       2   .text       
     CanTp_DispatchCfmEvent                   896D4      57      87       2   .text       
     CanTp_HandleTimers                       8972B      28      40       2   .text       
     CanTp_HandleRxTimer                      89753      53      83       2   .text       
     CanTp_HandleTxTimer                      897A6      C7     199       2   .text       
     CanTp_UpdateABCTimer                     8986D      67     103       4   .text       
     CanTp_StoreRxNPduEvt                     898D4      FA     250       4   .text       
     CanTp_StoreRxFCNPduEvt                   899CE      46      70       2   .text       
- VARIABLES:
     CanTp_ModuleState                         199E       2       2       7   .bss        
     CanTp_Channels                            1D35      8A     138     406   .common     
     CanTp_ChnlPools                           1DBF      1E      30      15   .common     
MODULE:                 -- CanTp_Cbk.c.o --
- PROCEDURES:
     CanTp_RxIndication                       89A14      14      20       2   .text       
     CanTp_TxConfirmation                     89A28      80     128       2   .text       
     CanTp_PoolRxPdu                          89AA8      E0     224       3   .text       
- VARIABLES:
MODULE:                 -- CanTp_RX.c.o --
- PROCEDURES:
     CanTp_GetRxSduCfgByNpdu                  89B88      60      96       4   .text       
     CanTp_GetRxSduCfgByTxFCNPdu              89BE8      3C      60       2   .text       
     CanTp_RxHandleCFReception                89C24     177     375       3   .text       
     CanTp_RxHandleFFReception                89D9B      C9     201       2   .text       
     CanTp_RxHandleSFReception                89E64      BE     190       2   .text       
     CanTp_RxHandleFCCfm                      89F22      86     134       2   .text       
     CanTp_RxHandleSFStart                    89FA8      DC     220       4   .text       
     CanTp_RxHandleLargeStart                 8A084     245     581      25   .text       
     CanTp_GetRxSduCfgByNSduId                8A2C9      34      52      16   .text       
     CanTp_RxGetFFDl                          8A2FD      19      25       4   .text       
     CanTp_RxGetSFDl                          8A316       8       8       4   .text       
     CanTp_ConstructFCPci                     8A31E      4F      79       6   .text       
     CanTp_CalcBS                             8A36D      70     112       2   .text       
     CanTp_RxBlockStart                       8A3DD      90     144       4   .text       
- VARIABLES:
MODULE:                 -- CanTp_TX.c.o --
- PROCEDURES:
     CanTp_GetTxSduCfgByTxSduId               8A46D      34      52      14   .text       
     CanTp_GetTxSduCfgByFCNpdu                8A4A1      5F      95       4   .text       
     CanTp_TxHandleFCReception                8A500      ED     237       4   .text       
     CanTp_TxHandleTransmitReq                8A5ED      A1     161       3   .text       
     CanTp_TxHandleTransmitCancel             8A68E      1C      28       2   .text       
     CanTp_TxHandleTransmitCfm                8A6AA      FC     252       5   .text       
     CanTp_TxHandleSFStart                    8A7A6     14C     332       3   .text       
     CanTp_TxHandleLargeStart                 8A8F2     1D8     472      12   .text       
     CanTp_TxHandleLargeSendCF                8AACA     171     369       7   .text       
     CanTp_ConstructFFPci                     8AC3B      32      50       2   .text       
     CanTp_ConstructSFPci                     8AC6D      25      37       2   .text       
     CanTp_ConstructCFPci                     8AC92      1F      31       4   .text       
     CanTp_GetChannelFCInfo                   8ACB1      6E     110       2   .text       
- VARIABLES:
MODULE:                 -- Com_Lost.c.o --
- PROCEDURES:
     Com_BCM_BCAN1_RxDM                       8AD1F      3C      60       2   .text       
     Com_BCM_BCAN5_RxDM                       8AD5B      3C      60       2   .text       
     Com_GW_BCS2_RxDM                         8AD97      42      66       2   .text       
     Com_GW_BCS3_RxDM                         8ADD9      43      67       2   .text       
     Com_GW_EMS1_RxDM                         8AE1C      48      72       2   .text       
     Com_GW_EMS3_RxDM                         8AE64      44      68       2   .text       
     Com_GW_TCU1_RxDM                         8AEA8      3C      60       2   .text       
     Com_GW_GSM1_RxDM                         8AEE4       3       3       2   .text       
     Com_TEL_HVACF1_RxDM                      8AEE7      2A      42       2   .text       
     Com_RCP2_RxDM                            8AF11      49      73       2   .text       
     Com_ACU2_RxDM                            8AF5A      2A      42       2   .text       
     Com_ACU16_RxDM                           8AF84      3B      59       2   .text       
     Com_ACU_HVAC_1_B_RxDM                    8AFBF      3C      60       2   .text       
     Com_ACU18_RxDM                           8AFFB      2A      42       2   .text       
     Com_ACU17_RxDM                           8B025      2A      42       2   .text       
     Com_HCP1_RxDM                            8B04F      5D      93       2   .text       
     Com_HCP4_RxDM                            8B0AC       1       1       2   .text       
     Com_ResetRxDMCnt                         8B0AD      61      97       2   .text       
- VARIABLES:
     Com_BCM_BCAN1Cnt                          19A0       1       1       2   .bss        
     Com_BCM_BCAN5Cnt                          19A1       1       1       2   .bss        
     Com_GW_BCS2Cnt                            19A2       1       1       2   .bss        
     Com_GW_BCS3Cnt                            19A3       1       1       2   .bss        
     Com_GW_EMS1Cnt                            19A4       1       1       2   .bss        
     Com_GW_EMS3Cnt                            19A5       1       1       2   .bss        
     Com_GW_TCU1Cnt                            19A6       1       1       2   .bss        
     Com_GW_GSM1Cnt                            19A7       1       1       1   .bss        
     Com_TEL_HVAC1Cnt                          19A8       1       1       1   .bss        
     Com_RCP2Cnt                               19A9       1       1       2   .bss        
     Com_ACU2Cnt                               19AA       1       1       1   .bss        
     Com_ACU16Cnt                              19AB       1       1       2   .bss        
     Com_ACUHVAC1BCnt                          19AC       1       1       1   .bss        
     Com_ACU17Cnt                              19AD       1       1       1   .bss        
     Com_ACU18Cnt                              19AE       1       1       1   .bss        
     Com_HCP1Cnt                               19AF       1       1       2   .bss        
     Com_HCP4Cnt                               19B0       1       1       1   .bss        
     Com_BCM_BCAN1DataCnt                      19B1       1       1       3   .bss        
     Com_BCM_BCAN5DataCnt                      19B2       1       1       3   .bss        
     Com_GW_BCS2DataCnt                        19B3       1       1       3   .bss        
     Com_GW_BCS3DataCnt                        19B4       1       1       3   .bss        
     Com_GW_EMS1DataCnt                        19B5       1       1       3   .bss        
     Com_GW_EMS3DataCnt                        19B6       1       1       3   .bss        
     Com_GW_TCU1DataCnt                        19B7       1       1       3   .bss        
     Com_GW_GSM1DataCnt                        19B8       1       1       1   .bss        
     Com_TEL_HVAC1DataCnt                      19B9       1       1       3   .bss        
     Com_RCP2DataCnt                           19BA       1       1       3   .bss        
     Com_ACU2DataCnt                           19BB       1       1       3   .bss        
     Com_ACU16DataCnt                          19BC       1       1       3   .bss        
     Com_ACU16h1bDataCnt                       19BD       1       1       2   .bss        
     Com_ACU17DataCnt                          19BE       1       1       3   .bss        
     Com_ACU18DataCnt                          19BF       1       1       3   .bss        
     Com_HCP1DataCnt                           19C0       1       1       3   .bss        
     Com_HCP4DataCnt                           19C1       1       1       1   .bss        
MODULE:                 -- Com_Ram.c.o --
- PROCEDURES:
- VARIABLES:
     Com_MemoryBuffer                          1DDD     190     400       2   .common     
     Com_PrivateMsg                            1F6D    11DC    4572      12   .common     
     Com_PrivateIPdu                           3149     180     384      65   .common     
MODULE:                 -- Can_Cfg.c.o --
- PROCEDURES:
[...]
 |        |  |  |  |  
 |        |  |  |  +- _CASE_CHECKED_BYTE   (see above)
 |        |  |  |  |  
 |        |  |  |  +- CanTp_ConstructCFPci (see above)
 |        |  |  |  |  
 |        |  |  |  +- GetCounterValue      (see above)
 |        |  |  |  |  
 |        |  |  |  +- Dcm_TxConfirmation   (see above)
 |        |  |  |  |  
 |        |  |  |  +- CanTp_InitChannel    (see above)
 |        |  |  |     
 |        |  |  +- CanTp_RxHandleFFReception
 |        |  |  |  | 
 |        |  |  |  +- CanTp_GetRxSduCfgByNSduId (see above)
 |        |  |  |  |  
 |        |  |  |  +- Dcm_RxIndication     (see above)
 |        |  |  |  |  
 |        |  |  |  +- CanTp_RxGetFFDl      (see above)
 |        |  |  |  |  
 |        |  |  |  +- GetCounterValue      (see above)
 |        |  |  |     
 |        |  |  +- CanTp_RxHandleSFReception
 |        |  |     | 
 |        |  |     +- CanTp_GetRxSduCfgByNSduId (see above)
 |        |  |     |  
 |        |  |     +- Dcm_RxIndication     (see above)
 |        |  |     |  
 |        |  |     +- CanTp_RxGetSFDl      (see above)
 |        |  |     |  
 |        |  |     +- GetCounterValue      (see above)
 |        |  |        
 |        |  +- CanTp_DispatchTxEvent
 |        |  |  | 
 |        |  |  +- CanTp_TxHandleTransmitCancel
 |        |  |  |  | 
 |        |  |  |  +- CanTp_InitChannel    (see above)
 |        |  |  |  |  
 |        |  |  |  +- Dcm_TxConfirmation   (see above)
 |        |  |  |     
 |        |  |  +- CanTp_TxHandleTransmitReq
 |        |  |     | 
 |        |  |     +- CanTp_GetTxSduCfgByTxSduId (see above)
 |        |  |     |  
 |        |  |     +- GetCounterValue      (see above)
 |        |  |     |  
 |        |  |     +- CanTp_ConstructFFPci
 |        |  |     |    
 |        |  |     +- CanTp_ConstructSFPci
 |        |  |          
 |        |  +- CanTp_HandleBackGroudStates
 |        |     | 
 |        |     +- _CASE_SEARCH_8_BYTE  (see above)
 |        |     |  
 |        |     +- CanTp_RxHandleSFStart
 |        |     |  | 
 |        |     |  +- Dcm_ProvideRxBuffer  (see above)
 |        |     |  |  
 |        |     |  +- _CASE_CHECKED_BYTE   (see above)
 |        |     |  |  
 |        |     |  +- CanTp_MemoryCopy     (see above)
 |        |     |  |  
 |        |     |  +- CanTp_InitChannel    (see above)
 |        |     |  |  
 |        |     |  +- Dcm_RxIndication     (see above)
 |        |     |     
 |        |     +- CanTp_RxHandleLargeStart
 |        |     |  | 
 |        |     |  +- CanTp_GetRxSduCfgByNSduId (see above)
 |        |     |  |  
 |        |     |  +- Dcm_ProvideRxBuffer  (see above)
 |        |     |  |  
 |        |     |  +- _CASE_CHECKED        (see above)
 |        |     |  |  
 |        |     |  +- CanTp_MemoryCopy     (see above)
 |        |     |  |  
 |        |     |  +- CanTp_RxBlockStart   (see above)
 |        |     |  |  
 |        |     |  +- GetCounterValue      (see above)
 |        |     |  |  
 |        |     |  +- CanTp_ConstructFCPci (see above)
 |        |     |  |  
 |        |     |  +- Dcm_RxIndication     (see above)
 |        |     |  |  
 |        |     |  +- CanIf_Transmit       (see above)
 |        |     |  |  
 |        |     |  +- CanTp_InitChannel    (see above)
 |        |     |     
 |        |     +- CanTp_TxHandleSFStart
 |        |     |  | 
 |        |     |  +- Dcm_ProvideTxBuffer 
 |        |     |  |  | 
 |        |     |  |  +- Dcm_ProvideTxBuffe_CheckInputParameter
 |        |     |  |  |  | 
 |        |     |  |  |  +- DslInternal_SearchProtocolCfgIndex (see above)
 |        |     |  |  |     
 |        |     |  |  +- Dcm_ProvideTxBuffe_CheckCtrlStatus
 |        |     |  |  |  | 
 |        |     |  |  |  +- DslInternal_SearchProtocolCfgIndex (see above)
 |        |     |  |  |     
 |        |     |  |  +- DslInternal_SearchProtocolCfgIndex (see above)
 |        |     |  |  |  
 |        |     |  |  +- Dcm_DslCfg           (see above)
 |        |     |  |     
 |        |     |  +- CanTp_MemoryCopy     (see above)
 |        |     |  |  
 |        |     |  +- CanTp_GetTxSduCfgByTxSduId (see above)
 |        |     |  |  
 |        |     |  +- CanTp_MemorySet      (see above)
 |        |     |  |  
 |        |     |  +- CanIf_Transmit       (see above)
 |        |     |  |  
 |        |     |  +- GetCounterValue      (see above)
 |        |     |  |  
 |        |     |  +- CanTp_InitChannel    (see above)
 |        |     |  |  
 |        |     |  +- Dcm_TxConfirmation   (see above)
 |        |     |     
 |        |     +- CanTp_TxHandleLargeStart
 |        |     |  | 
 |        |     |  +- Dcm_ProvideTxBuffer  (see above)
 |        |     |  |  
 |        |     |  +- CanTp_MemoryCopy     (see above)
 |        |     |  |  
 |        |     |  +- CanTp_GetTxSduCfgByTxSduId (see above)
 |        |     |  |  
 |        |     |  +- CanTp_MemorySet      (see above)
 |        |     |  |  
 |        |     |  +- CanTp_InitChannel    (see above)
 |        |     |  |  
 |        |     |  +- Dcm_TxConfirmation   (see above)
 |        |     |  |  
 |        |     |  +- GetCounterValue      (see above)
 |        |     |  |  
 |        |     |  +- CanIf_Transmit       (see above)
 |        |     |     
 |        |     +- CanTp_TxHandleLargeSendCF
 |        |        | 
 |        |        +- CanTp_MemoryCopy     (see above)
 |        |        |  
 |        |        +- CanTp_GetTxSduCfgByTxSduId (see above)
 |        |        |  
 |        |        +- CanTp_MemorySet      (see above)
 |        |        |  
 |        |        +- CanIf_Transmit       (see above)
 |        |        |  
 |        |        +- GetCounterValue      (see above)
 |        |           
 |        +- Dcm_MainFunction    
 |        |  | 
 |        |  +- Dcm_MainFunction_PendingManage
 |        |  |  | 
 |        |  |  +- DslInternal_RxIndication
 |        |  |  |  | 
 |        |  |  |  +- DslInternal_ProtocolStart (see above)
 |        |  |  |  |  
 |        |  |  |  +- DsdInternal_RxIndication (see above)
 |        |  |  |     
 |        |  |  +- DsdInternal_RxIndication (see above)
 |        |  |  |  
 |        |  |  +- DsdInternal_SearchSidTabServiceIndex (see above) (recursive dependency)
 |        |  |  |  
 |        |  |  +- Dcm_DsdCfg           (see above)
 |        |  |  |  
 |        |  |  +- DslInternal_ProcessingDone (see above)
 |        |  |     
 |        |  +- Dcm_MainFunction_P2ServerTimer
 |        |  |  | 
 |        |  |  +- Frt_CalculateElapsedTicks (see above)
 |        |  |  |  
 |        |  |  +- DslInternal_P2ServerTimeout
 |        |  |     | 
 |        |  |     +- Dcm_DslCfg           (see above)
 |        |  |     |  
 |        |  |     +- DsdInternal_SetNrc   (see above)
 |        |  |     |  
 |        |  |     +- DsdInternal_ProcessingDone (see above)
 |        |  |        
 |        |  +- Dcm_MainFunction_S3Timer
 |        |  |  | 
 |        |  |  +- Frt_CalculateElapsedTicks (see above)
 |        |  |  |  
 |        |  |  +- DslInternal_S3ServerTimeout
 |        |  |     | 
 |        |  |     +- Rte_ResetCommunicaitonControl (see above)
 |        |  |     |  
 |        |  |     +- Rte_ClearIOCtrlFlag  (see above)
 |        |  |     |  
 |        |  |     +- Dsp_EnableAllDtcsFresh (see above)
 |        |  |     |  
 |        |  |     +- DslInternal_SesRefresh (see above)
 |        |  |     |  
 |        |  |     +- DslInternal_S3ServerStop (see above)
 |        |  |        
 |        |  +- Dcm_MainFunction_SecTimer
 |        |     | 
 |        |     +- Frt_CalculateElapsedTicks (see above)
 |        |        
 |        +- Nvm_MainFunction    
 |        |  | 
 |        |  +- Ea_MainFunction      (see above)
 |        |     
 |        +- PM_MainFunction     
 |           | 
 |           +- Rte_GetBCM_KeySt     (see above)
 |           |  
 |           +- IoHwAb_ReadBAT       (see above)
 |           |  
 |           +- API_GetAPIRunSt     
 |           |    
 |           +- PM_APITimer         
 |           |  | 
 |           |  +- API_TurnOn          
 |           |  |    
 |           |  +- API_TurnOff         
 |           |       
 |           +- PM_ComCtrl          
 |           |  | 
 |           |  +- Com_IpduGroupStart   (see above)
 |           |  |  
 |           |  +- Nm_EnableCommunication (see above)
 |           |  |  
 |           |  +- Com_IpduGroupStop    (see above)
 |           |  |  
 |           |  +- Nm_DisableCommunication (see above)
 |           |     
 |           +- Ea_StartReadData    
 |           |    
 |           +- Ea_StartWriteData   
 |           |    
 |           +- Ea_SetPowerResetType (see above)
 |           |  
 |           +- Hmi_HVACStateInit    (see above)
 |           |  
 |           +- Dem_Init            
 |           |  | 
 |           |  +- Ea_GetClearDTCFlag  
 |           |  |    
 |           |  +- Rte_GetBCM_KeySt     (see above)
 |           |  |  
 |           |  +- Ea_SetClearDTCFlag   (see above)
 |           |  |  
 |           |  +- Dem_GetStatusOfDTCByIndex
 |           |  |    
 |           |  +- Dem_ResetStatusOfDTCByIndex (see above)
 |           |  |  
 |           |  +- Dem_SetStatusOfDTCByIndex (see above)
 |           |     
 |           +- Rte_Dem_Init        
 |           |    
 |           +- CanM_SleepOpt       
 |           |    
 |           +- API_Delay           
 |           |    
 |           +- CanM_TranEn         
 |           |    
 |           +- CanM_ReqSleepOpt    
 |           |  | 
 |           |  +- ComM_RequestComMode  (see above)
 |           |     
 |           +- CanM_LinBusPmCtl    
 |           |  | 
 |           |  +- ComM_RequestComMode  (see above)
 |           |  |  
 |           |  +- LinSM_RequestComMode (see above)
 |           |  |  
 |           |  +- LinSM_ScheduleRequest (see above)
 |           |     
 |           +- ComM_GetRequestedComMode
 |           |    
 |           +- ComM_RequestComMode  (see above)
 |           |  
 |           +- CanM_StatusClear    
 |           |  | 
 |           |  +- _CASE_CHECKED_BYTE   (see above)
 |           |     
 |           +- Nm_SetUserData      
 |           |  | 
 |           |  +- Nm_FindChannelNum    (see above)
 |           |  |  
 |           |  +- OsekNm_SetUserData  
 |           |     | 
 |           |     +- OsekNm_ConfigData    (see above)
 |           |     |  
 |           |     +- OsekNm_Memcpy        (see above)
 |           |        
 |           +- IoHwAb_ReadIG        (see above)
 |           |  
 |           +- Hmi_HVACStateKeyOffSave (see above)
 |           |  
 |           +- Nvm_SetOutsideTemp   (see above)
 |              
 +- _Startup            
    | 
    +- Init                
    |    
    +- main                 (see above)
       
 _vect               
 | 
 +- software_trap       
 |    
 +- API_Int             
 |  | 
 |  +- Com_IpduGroupStop    (see above)
 |  |  
 |  +- Nm_DisableCommunication (see above)
 |  |  
 |  +- Com_IpduGroupStart   (see above)
 |  |  
 |  +- Nm_EnableCommunication (see above)
 |     
 +- Can_TxISR           
 |  | 
 |  +- Can_TxProcess       
 |     | 
 |     +- _BSHL                (see above)
 |     |  
 |     +- CanIf_TxConfirmation
 |        | 
 |        +- CanIf_FindHighestPrioPduInTxMaxBuffer
 |        |  | 
 |        |  +- _LCMP                (see above)
 |        |     
 |        +- CanIf_SendTxBufferPdu
 |        |  | 
 |        |  +- Can_Write            (see above)
 |        |     
 |        +- CanIf_UserTxConfirmation (see above)
 |           
 +- Can_RxISR           
 |  | 
 |  +- Can_RxProcess       
 |     | 
 |     +- Can_GetMBInfo       
 |     |  | 
 |     |  +- _BSHL                (see above)
 |     |  |  
 |     |  +- _LSHRU               (see above)
 |     |     
 |     +- Tel_SetTelMsgRecFlag
 |     |    
 |     +- ECU_SetEcuUpdateFlag
 |     |    
 |     +- VRC_SetVRCMsgRecFlag
 |     |    
 |     +- HMI_PM25RecFlag     
 |     |    
 |     +- CanIf_RxIndication  
 |        | 
 |        +- CanIf_CanIdRangCheck
 |        |  | 
 |        |  +- _LCMP                (see above)
 |        |  |  
 |        |  +- CanIf_RxPduHrhSearch
 |        |  |  | 
 |        |  |  +- _LOAD_FAR_16         (see above)
 |        |  |     
 |        |  +- _LOAD_FAR_16         (see above)
 |        |     
 |        +- CanIf_RxIndicationHandle
 |           | 
 |           +- _LOAD_FAR_16         (see above)
 |           |  
 |           +- _LOAD_FAR_8          (see above)
 |           |  
 |           +- CanIf_UserRxIndication
 |              | 
 |              +- CanTp_RxIndication  
 |              |  | 
 |              |  +- CanTp_PoolRxPdu     
 |              |     | 
 |              |     +- CanTp_GetRxSduCfgByNpdu (see above)
 |              |     |  
 |              |     +- CanTp_GetTxSduCfgByFCNpdu (see above)
 |              |     |  
 |              |     +- CanTp_MemoryCopy     (see above)
 |              |        
 |              +- Com_RxIndication    
 |              |  | 
 |              |  +- Com_FindIpduIndex    (see above)
 |              |  |  
 |              |  +- Com_GetBitToByteSize (see above)
 |              |  |  
 |              |  +- Com_Memcpy           (see above)
 |              |     
 |              +- OsekNm_RxIndication 
 |                 | 
 |                 +- OsekNm_ConfigData    (see above)
 |                 |  
 |                 +- OsekNm_RxIndProcess  (see above)
 |                 |  
 |                 +- OsekNm_Memcpy        (see above)
 |                    
 +- Can_ErrTwRwBusoffISR
 |  | 
 |  +- Can_ErrTwRwBusOff_Handler
 |     | 
 |     +- Can_BusOff_Handler   (see above)
 |     |  
 |     +- Can_Error_Handler   
 |          
 +- Can_WakeupISR       
 |  | 
 |  +- Can_Wakeup_Handler  
 |     | 
 |     +- Can_WakeupMode       (see above)
 |     |  
 |     +- EcuM_CheckWakeup    
 |        | 
 |        +- CanIf_CheckWakeup   
 |        |  | 
 |        |  +- _LCMP                (see above)
 |        |  |  
 |        |  +- CanIf_CheckWakeupAction
 |        |     | 
 |        |     +- Can_Cbk_CheckWakeup 
 |        |     |    
 |        |     +- CanIf_SetControllerMode (see above)
 |        |     |  
 |        |     +- CanIf_DispatchConfigData (see above)
 |        |        
 |        +- PM_SetBusState       (see above)
 |        |  
 |        +- PM_ResetSleepTimer  
 |        |    
 |        +- ComM_GetRequestedComMode (see above)
 |        |  
 |        +- ComM_RequestComMode  (see above)
 |        |  
 |        +- CanM_StatusClear     (see above)
 |           
 +- Spi2_TxRxISR        
 |    
 +- SCI0_ISR            
 |  | 
 |  +- Lin_Rx_Interrupt    
 |     | 
 |     +- LinIf_Cbk_CheckWakeup
 |     |  | 
 |     |  +- Lin_WakeupValidation
 |     |     | 
 |     |     +- EcuM_SetWakeupEvent  (see above)
 |     |     |  
 |     |     +- EcuM_CheckWakeup     (see above)
 |     |        
 |     +- Lin_Hal_Overrun_FrameError
 |     |    
 |     +- _CASE_CHECKED_BYTE   (see above)
 |     |  
 |     +- Lin_Deal_While_State_Idle
 |     |  | 
 |     |  +- Lin_sendChar        
 |     |       
 |     +- Lin_Deal_While_State_Break
 |     |  | 
 |     |  +- Lin_sendChar         (see above)
 |     |     
 |     +- Lin_Deal_While_State_Synch
 |     |  | 
 |     |  +- Lin_sendChar         (see above)
 |     |     
 |     +- Lin_Deal_While_State_Data
 |     |  | 
 |     |  +- Lin_sendChar         (see above)
 |     |  |  
 |     |  +- Lin_calcChecksum    
 |     |       
 |     +- Lin_Deal_While_State_Checksum
 |        | 
 |        +- Lin_GoToSleepInternal
 |        |    
 |        +- Lin_calcChecksum     (see above)
 |           
 +- Icu_ISR             
 |  | 
 |  +- _LMULS16x32          (see above)
 |  |  
 |  +- _LDIVS               (see above)
 |     
 +- Os_Rti              
 |  | 
 |  +- _LINC                (see above)
 |  |  
 |  +- Task_Config          (see above)
 |  |  
 |  +- _LMODU               (see above)
 |  |  
 |  +- _LCMP                (see above)
 |  |  
 |  +- _ISHL                (see above)
 |  |  
 |  +- LinSM_MainFunction  
 |  |  | 
 |  |  +- GetElapsedCounterValue (see above)
 |  |  |  
 |  |  +- ComM_BusSM_ModeIndication (see above)
 |  |  |  
 |  |  +- Com_IpduGroupStop    (see above)
 |  |     
 |  +- LinIf_MainFunction  
 |     | 
 |     +- LinIf_SlotTimer     
 |     |    
 |     +- LinIf_WakeUpProcess 
 |     |  | 
 |     |  +- Lin_WakeUp           (see above)
 |     |  |  
 |     |  +- LinSM_WakeUp_Confirmation
 |     |     | 
 |     |     +- ComM_BusSM_ModeIndication (see above)
 |     |        
 |     +- LinIf_SleepProcess  
 |     |  | 
 |     |  +- Lin_GetStatus       
 |     |  |    
 |     |  +- Lin_GoToSleep       
 |     |  |  | 
 |     |  |  +- Lin_SendHeader      
 |     |  |     | 
 |     |  |     +- Lin_sendChar         (see above)
 |     |  |        
 |     |  +- LinSM_GotoSleep_Confirmation
 |     |  |  | 
 |     |  |  +- Com_IpduGroupStop    (see above)
 |     |  |  |  
 |     |  |  +- ComM_BusSM_ModeIndication (see above)
 |     |  |     
 |     |  +- Lin_GoToSleepInternal (see above)
 |     |  |  
 |     |  +- LinIf_RequestNullSchedule (see above)
 |     |     
 |     +- LinIf_PrevTransmit  
 |     |  | 
 |     |  +- Lin_GetStatus        (see above)
 |     |  |  
 |     |  +- _CASE_CHECKED_BYTE   (see above)
 |     |  |  
 |     |  +- PduR_LinIf_RxIndication
 |     |  |  | 
 |     |  |  +- PduR_LinIf_PduId2Index
 |     |  |  |    
 |     |  |  +- PduR_LinIf_Memcpy   
 |     |  |       
 |     |  +- PduR_LinIf_RxIndicationError
 |     |  |  | 
 |     |  |  +- PduR_LinIf_PduId2Index (see above)
 |     |  |     
 |     |  +- PduR_LinIf_TxConfirmationError
 |     |  |  | 
 |     |  |  +- PduR_LinIf_PduId2Index (see above)
 |     |  |     
 |     |  +- PduR_LinIf_TxConfirmation
 |     |     | 
 |     |     +- PduR_LinIf_PduId2Index (see above)
 |     |        
 |     +- LinIf_UpdateSchedule
 |     |  | 
 |     |  +- LinIf_GetHighestPrioritySchedule
 |     |  |    
 |     |  +- LinIf_SwitchNewSchedule
 |     |  |  | 
 |     |  |  +- LinIf_HandleEntryTail
 |     |  |  |  | 
 |     |  |  |  +- LinIf_GetNextActiveContinuous
 |     |  |  |     | 
 |     |  |  |     +- LinIf_GetContinuousIndex
 |     |  |  |          
 |     |  |  +- LinSM_ScheduleRequest_Confirmation
 |     |  |     | 
 |     |  |     +- Com_IpduGroupStop    (see above)
 |     |  |     |  
 |     |  |     +- Com_IpduGroupStart   (see above)
 |     |  |        
 |     |  +- LinIf_SwitchNewEntry
 |     |       
 |     +- LinIf_NextTransmit  
 |        | 
 |        +- LinIf_SendSporadic  
 |        |  | 
 |        |  +- LinIf_GetTransmitPending
 |        |  |    
 |        |  +- LinIf_SetPduInfo    
 |        |  |  | 
 |        |  |  +- _CASE_CHECKED_BYTE   (see above)
 |        |  |     
 |        |  +- Lin_SendHeader       (see above)
 |        |  |  
 |        |  +- PduR_LinIf_TriggerTransmit
 |        |  |  | 
 |        |  |  +- PduR_LinIf_PduId2Index (see above)
 |        |  |  |  
 |        |  |  +- PduR_LinIf_Memcpy    (see above)
 |        |  |     
 |        |  +- Lin_SendResponse    
 |        |     | 
 |        |     +- Lin_sendChar         (see above)
 |        |        
 |        +- LinIf_SendEventTrigger
 |        |  | 
 |        |  +- LinIf_SetPduInfo     (see above)
 |        |  |  
 |        |  +- Lin_SendHeader       (see above)
 |        |     
 |        +- LinIf_SendUnconditional
 |           | 
 |           +- LinIf_SetPduInfo     (see above)
 |           |  
 |           +- Lin_SendHeader       (see above)
 |           |  
 |           +- PduR_LinIf_TriggerTransmit (see above)
 |           |  
 |           +- Lin_SendResponse     (see above)
 |              
 +- _Startup             (see above)
    
*********************************************************************************************
STATISTIC SECTION
---------------------------------------------------------------------------------------------

ExeFile:
--------
Number of blocks to be downloaded: 14
Total size of all blocks to be downloaded: 134706

